Attempting to initialize PrismaClient with {}...
node.exe : Test failed: PrismaClientC
onstructorValidationError: Using 
engine type "client" requires either 
"adapter" or "accelerateUrl" to be 
provided to PrismaClient constructor.
At line:1 char:1
+ & "C:\Program 
Files\nodejs/node.exe" "C:\Program 
Files\nodejs/node_mo ...
+ ~~~~~~~~~~~~~~~~~~~~~~~~~~~~~~~~~~~
~~~~~~~~~~~~~~~~~~~~~~~~~~~~~~~~~~
    + CategoryInfo          : NotSpe 
   cified: (Test failed: Pr...nt co  
  nstructor.:String) [], RemoteExc   
 eption
    + FullyQualifiedErrorId : Native 
   CommandError
 
Read more at 
https://pris.ly/d/client-constructor
    at vm (D:\Course\next_js\verite\l
ib\generated\prisma\runtime\client.js
:70:3615)
    at jl (D:\Course\next_js\verite\l
ib\generated\prisma\runtime\client.js
:70:3916)
    at new t (D:\Course\next_js\verit
e\lib\generated\prisma\runtime\client
.js:74:1241)
    at test (D:\Course\next_js\verite
\test_init.ts:7:28)
    at <anonymous> (D:\Course\next_js
\verite\test_init.ts:17:1)
    at Object.<anonymous> (D:\Course\
next_js\verite\test_init.ts:17:6)
    at Module._compile (node:internal
/modules/cjs/loader:1760:14)
    at Object.transformer (D:\Course\
next_js\verite\node_modules\tsx\dist\
register-D46fvsV_.cjs:3:1104)
    at Module.load (node:internal/mod
ules/cjs/loader:1480:32)
    at Module._load (node:internal/mo
dules/cjs/loader:1299:12)
